FFFF....                                                                 [100%]
=================================== FAILURES ===================================
_ test_typed_dependency_visibility[RESTRICTED-# Guide\nRequires `PRIVATE_CANARY.md`.\n-scripts/amplai_docs.py] _
/tmp/w003-r4-main-typed.dT3Qrp/test_typed_visibility.py:37: in test_typed_dependency_visibility
    with pytest.raises(engine.DocumentError) as caught:
E   Failed: DID NOT RAISE <class 'main_typed_visibility.DocumentError'>
_ test_typed_dependency_visibility[RESTRICTED-# Guide\nRequires `PRIVATE_CANARY.md`.\n-tools/amplai-loop-kit/baseline/payload/scripts/amplai_docs.py] _
/tmp/w003-r4-main-typed.dT3Qrp/test_typed_visibility.py:37: in test_typed_dependency_visibility
    with pytest.raises(engine.DocumentError) as caught:
E   Failed: DID NOT RAISE <class 'main_typed_visibility.DocumentError'>
_ test_typed_dependency_visibility[RESTRICTED-# Guide\ndocs/\n\u2514\u2500\u2500 PRIVATE_CANARY.md\n-scripts/amplai_docs.py] _
/tmp/w003-r4-main-typed.dT3Qrp/test_typed_visibility.py:37: in test_typed_dependency_visibility
    with pytest.raises(engine.DocumentError) as caught:
E   Failed: DID NOT RAISE <class 'main_typed_visibility.DocumentError'>
_ test_typed_dependency_visibility[RESTRICTED-# Guide\ndocs/\n\u2514\u2500\u2500 PRIVATE_CANARY.md\n-tools/amplai-loop-kit/baseline/payload/scripts/amplai_docs.py] _
/tmp/w003-r4-main-typed.dT3Qrp/test_typed_visibility.py:37: in test_typed_dependency_visibility
    with pytest.raises(engine.DocumentError) as caught:
E   Failed: DID NOT RAISE <class 'main_typed_visibility.DocumentError'>
=========================== short test summary info ============================
FAILED ../../../tmp/w003-r4-main-typed.dT3Qrp/test_typed_visibility.py::test_typed_dependency_visibility[RESTRICTED-# Guide\nRequires `PRIVATE_CANARY.md`.\n-scripts/amplai_docs.py]
FAILED ../../../tmp/w003-r4-main-typed.dT3Qrp/test_typed_visibility.py::test_typed_dependency_visibility[RESTRICTED-# Guide\nRequires `PRIVATE_CANARY.md`.\n-tools/amplai-loop-kit/baseline/payload/scripts/amplai_docs.py]
FAILED ../../../tmp/w003-r4-main-typed.dT3Qrp/test_typed_visibility.py::test_typed_dependency_visibility[RESTRICTED-# Guide\ndocs/\n\u2514\u2500\u2500 PRIVATE_CANARY.md\n-scripts/amplai_docs.py]
FAILED ../../../tmp/w003-r4-main-typed.dT3Qrp/test_typed_visibility.py::test_typed_dependency_visibility[RESTRICTED-# Guide\ndocs/\n\u2514\u2500\u2500 PRIVATE_CANARY.md\n-tools/amplai-loop-kit/baseline/payload/scripts/amplai_docs.py]
4 failed, 4 passed in 2.78s
