..FFFF                                                                   [100%]
=================================== FAILURES ===================================
_ test_classification_completes_within_local_process_bound[False-scripts/amplai_docs.py] _
/tmp/w003-r4-main-typed.dT3Qrp/test_recovery_controls.py:33: in test_classification_completes_within_local_process_bound
    result = subprocess.run(
/Users/pinesky/.local/share/uv/python/cpython-3.11.15-macos-aarch64-none/lib/python3.11/subprocess.py:550: in run
    stdout, stderr = process.communicate(input, timeout=timeout)
                     ^^^^^^^^^^^^^^^^^^^^^^^^^^^^^^^^^^^^^^^^^^^
/Users/pinesky/.local/share/uv/python/cpython-3.11.15-macos-aarch64-none/lib/python3.11/subprocess.py:1209: in communicate
    stdout, stderr = self._communicate(input, endtime, timeout)
                     ^^^^^^^^^^^^^^^^^^^^^^^^^^^^^^^^^^^^^^^^^^
/Users/pinesky/.local/share/uv/python/cpython-3.11.15-macos-aarch64-none/lib/python3.11/subprocess.py:2116: in _communicate
    self._check_timeout(endtime, orig_timeout, stdout, stderr)
/Users/pinesky/.local/share/uv/python/cpython-3.11.15-macos-aarch64-none/lib/python3.11/subprocess.py:1253: in _check_timeout
    raise TimeoutExpired(
E   subprocess.TimeoutExpired: Command '['/Users/pinesky/workspace/amplai-foundry/.venv/bin/python', '-I', '-S', '-B', '-c', '\nimport importlib.util, json, pathlib, sys\nsource = pathlib.Path(sys.argv[1]).resolve()\nspec = importlib.util.spec_from_file_location("classifier_control", source)\nmodule = importlib.util.module_from_spec(spec)\nexec(compile(source.read_bytes(), str(source), "exec", dont_inherit=True), module.__dict__)\nassert pathlib.Path(module.__file__).resolve() == source\nprefix = json.loads(sys.stdin.read())\nrow = {"reference":"src/api.py", "raw_reference":"src/api.py", "line":1,\n       "source_kind":"inline_code", "prefix":prefix, "context":prefix}\nprint(json.dumps(module.classify_document_reference(row, {"src"})))\n', '/tmp/w003-r4-contract.aBwYIx/repo/scripts/amplai_docs.py']' timed out after 3 seconds

During handling of the above exception, another exception occurred:
/tmp/w003-r4-main-typed.dT3Qrp/test_recovery_controls.py:38: in test_classification_completes_within_local_process_bound
    pytest.fail("one short reference exceeded the local 3-second child-process bound")
E   Failed: one short reference exceeded the local 3-second child-process bound
_ test_classification_completes_within_local_process_bound[False-tools/amplai-loop-kit/baseline/payload/scripts/amplai_docs.py] _
/tmp/w003-r4-main-typed.dT3Qrp/test_recovery_controls.py:33: in test_classification_completes_within_local_process_bound
    result = subprocess.run(
/Users/pinesky/.local/share/uv/python/cpython-3.11.15-macos-aarch64-none/lib/python3.11/subprocess.py:550: in run
    stdout, stderr = process.communicate(input, timeout=timeout)
                     ^^^^^^^^^^^^^^^^^^^^^^^^^^^^^^^^^^^^^^^^^^^
/Users/pinesky/.local/share/uv/python/cpython-3.11.15-macos-aarch64-none/lib/python3.11/subprocess.py:1209: in communicate
    stdout, stderr = self._communicate(input, endtime, timeout)
                     ^^^^^^^^^^^^^^^^^^^^^^^^^^^^^^^^^^^^^^^^^^
/Users/pinesky/.local/share/uv/python/cpython-3.11.15-macos-aarch64-none/lib/python3.11/subprocess.py:2116: in _communicate
    self._check_timeout(endtime, orig_timeout, stdout, stderr)
/Users/pinesky/.local/share/uv/python/cpython-3.11.15-macos-aarch64-none/lib/python3.11/subprocess.py:1253: in _check_timeout
    raise TimeoutExpired(
E   subprocess.TimeoutExpired: Command '['/Users/pinesky/workspace/amplai-foundry/.venv/bin/python', '-I', '-S', '-B', '-c', '\nimport importlib.util, json, pathlib, sys\nsource = pathlib.Path(sys.argv[1]).resolve()\nspec = importlib.util.spec_from_file_location("classifier_control", source)\nmodule = importlib.util.module_from_spec(spec)\nexec(compile(source.read_bytes(), str(source), "exec", dont_inherit=True), module.__dict__)\nassert pathlib.Path(module.__file__).resolve() == source\nprefix = json.loads(sys.stdin.read())\nrow = {"reference":"src/api.py", "raw_reference":"src/api.py", "line":1,\n       "source_kind":"inline_code", "prefix":prefix, "context":prefix}\nprint(json.dumps(module.classify_document_reference(row, {"src"})))\n', '/tmp/w003-r4-contract.aBwYIx/repo/tools/amplai-loop-kit/baseline/payload/scripts/amplai_docs.py']' timed out after 3 seconds

During handling of the above exception, another exception occurred:
/tmp/w003-r4-main-typed.dT3Qrp/test_recovery_controls.py:38: in test_classification_completes_within_local_process_bound
    pytest.fail("one short reference exceeded the local 3-second child-process bound")
E   Failed: one short reference exceeded the local 3-second child-process bound
_ test_borrowed_baseline_reinstall_and_uninstall_preserve_mode[scripts/amplai_docs.py] _
/tmp/w003-r4-main-typed.dT3Qrp/test_recovery_controls.py:53: in test_borrowed_baseline_reinstall_and_uninstall_preserve_mode
    assert target.stat().st_mode & 0o777 == 0o600, "borrowed mode changed on run %d" % run
E   AssertionError: borrowed mode changed on run 1
E   assert (33188 & 511) == 384
E    +  where 33188 = os.stat_result(st_mode=33188, st_ino=122644447, st_dev=16777233, st_nlink=1, st_uid=501, st_gid=20, st_size=197181, st_atime=1789180319, st_mtime=1789180319, st_ctime=1789180319).st_mode
E    +    where os.stat_result(st_mode=33188, st_ino=122644447, st_dev=16777233, st_nlink=1, st_uid=501, st_gid=20, st_size=197181, st_atime=1789180319, st_mtime=1789180319, st_ctime=1789180319) = stat()
E    +      where stat = PosixPath('/private/var/folders/1y/7cgp6w0n4p10n9cqyplr22dw0000gn/T/pytest-of-pinesky/pytest-2860/test_borrowed_baseline_reinsta0/scripts/amplai_docs.py').stat
_ test_borrowed_baseline_reinstall_and_uninstall_preserve_mode[.agents/skills/work/SKILL.md] _
/tmp/w003-r4-main-typed.dT3Qrp/test_recovery_controls.py:53: in test_borrowed_baseline_reinstall_and_uninstall_preserve_mode
    assert target.stat().st_mode & 0o777 == 0o600, "borrowed mode changed on run %d" % run
E   AssertionError: borrowed mode changed on run 1
E   assert (33188 & 511) == 384
E    +  where 33188 = os.stat_result(st_mode=33188, st_ino=122644861, st_dev=16777233, st_nlink=1, st_uid=501, st_gid=20, st_size=19380, st_atime=1789180320, st_mtime=1789180320, st_ctime=1789180320).st_mode
E    +    where os.stat_result(st_mode=33188, st_ino=122644861, st_dev=16777233, st_nlink=1, st_uid=501, st_gid=20, st_size=19380, st_atime=1789180320, st_mtime=1789180320, st_ctime=1789180320) = stat()
E    +      where stat = PosixPath('/private/var/folders/1y/7cgp6w0n4p10n9cqyplr22dw0000gn/T/pytest-of-pinesky/pytest-2860/test_borrowed_baseline_reinsta1/.agents/skills/work/SKILL.md').stat
=========================== short test summary info ============================
FAILED ../../../tmp/w003-r4-main-typed.dT3Qrp/test_recovery_controls.py::test_classification_completes_within_local_process_bound[False-scripts/amplai_docs.py]
FAILED ../../../tmp/w003-r4-main-typed.dT3Qrp/test_recovery_controls.py::test_classification_completes_within_local_process_bound[False-tools/amplai-loop-kit/baseline/payload/scripts/amplai_docs.py]
FAILED ../../../tmp/w003-r4-main-typed.dT3Qrp/test_recovery_controls.py::test_borrowed_baseline_reinstall_and_uninstall_preserve_mode[scripts/amplai_docs.py]
FAILED ../../../tmp/w003-r4-main-typed.dT3Qrp/test_recovery_controls.py::test_borrowed_baseline_reinstall_and_uninstall_preserve_mode[.agents/skills/work/SKILL.md]
4 failed, 2 passed in 6.93s
