FF                                                                       [100%]
=================================== FAILURES ===================================
__________ test_finite_generic_payload_runs_real_controller_and_eval ___________
tests/ai/test_portable_baseline.py:252: in test_finite_generic_payload_runs_real_controller_and_eval
    assert {x["path"] for x in context["required_knowledge"]} == {
E   AssertionError: assert {'.ai-team/ve...egistry.json'} == {'.ai-team/ru..., 'AGENTS.md'}
E     
E     Extra items in the right set:
E     '.ai-team/runtime/WORKFLOW.md'
E     'AGENTS.md'
E     Use -v to get more diff
__ test_existing_guide_backed_decision_cannot_be_removed_with_recomputed_hash __
tests/ai/test_document_governance.py:117: in test_existing_guide_backed_decision_cannot_be_removed_with_recomputed_hash
    assert validate(root).returncode == 1
E   assert 0 == 1
E    +  where 0 = CompletedProcess(args=['/Users/pinesky/workspace/amplai-foundry/.venv/bin/python', '-I', '-S', '-B', '/private/var/fol..."path": "docs/guide.md",\n      "state": "MATCH"\n    }\n  ],\n  "valid": true,\n  "verdict": "MATCH"\n}\n', stderr='').returncode
E    +    where CompletedProcess(args=['/Users/pinesky/workspace/amplai-foundry/.venv/bin/python', '-I', '-S', '-B', '/private/var/fol..."path": "docs/guide.md",\n      "state": "MATCH"\n    }\n  ],\n  "valid": true,\n  "verdict": "MATCH"\n}\n', stderr='') = validate(PosixPath('/private/var/folders/1y/7cgp6w0n4p10n9cqyplr22dw0000gn/T/pytest-of-pinesky/pytest-2683/test_existing_guide_backed_dec0/repository'))
=========================== short test summary info ============================
FAILED tests/ai/test_portable_baseline.py::test_finite_generic_payload_runs_real_controller_and_eval
FAILED tests/ai/test_document_governance.py::test_existing_guide_backed_decision_cannot_be_removed_with_recomputed_hash
2 failed in 1.96s
