## w003S15IntegrationRedResult
.                                                                    [100%]
=================================== FAILURES ===================================
_ test_impact_excludes_existing_work_memory_before_parsing_raw_review_examples _
tests/ai/test_document_integration.py:22: in test_impact_excludes_existing_work_memory_before_parsing_raw_review_examples
    result = review.change(runtime, root)
             ^^^^^^^^^^^^^^^^^^^^^^^^^^^^
tests/ai/test_document_review.py:344: in change
    return runtime.docs_impact(str(root), "specs/canary")
           ^^^^^^^^^^^^^^^^^^^^^^^^^^^^^^^^^^^^^^^^^^^^^^
scripts/loopv2.py:1406: in docs_impact
    return amplai_docs.impact(
scripts/amplai_docs.py:2215: in impact
    adapter["discover_impacted_documents"](str(root), policy, semantic, contract)
scripts/loopv2.py:1365: in discover_impacted_documents
    for doc, refs in docs_referencing(root, semantic_paths).items():
                     ^^^^^^^^^^^^^^^^^^^^^^^^^^^^^^^^^^^^^^
scripts/amplai_docs.py:3695: in docs_referencing
    for item in extract_typed_references(text)
                ^^^^^^^^^^^^^^^^^^^^^^^^^^^^^^
scripts/amplai_docs.py:3297: in extract_typed_references
    for item in document_reference_tokens(text):
                ^^^^^^^^^^^^^^^^^^^^^^^^^^^^^^^
scripts/amplai_docs.py:3027: in document_reference_tokens
    raise DocumentError("UNSUPPORTED_PARSER")
E   amplai_docs.DocumentError: UNSUPPORTED_PARSER
=========================== short test summary info ============================
FAILED tests/ai/test_document_integration.py::test_impact_excludes_existing_work_memory_before_parsing_raw_review_examples
1 failed, 4 passed, 24 deselected in 1.18s

## w003S15LeanRed
FFFFFFF                                                                  [100%]
=================================== FAILURES ===================================
__ test_back_reference_candidates_do_not_retain_quadratic_declaration_context __
tests/ai/test_document_integration.py:50: in test_back_reference_candidates_do_not_retain_quadratic_declaration_context
    found = runtime.amplai_docs.docs_referencing(root, ["notes/extensionless"])
            ^^^^^^^^^^^^^^^^^^^^^^^^^^^^^^^^^^^^^^^^^^^^^^^^^^^^^^^^^^^^^^^^^^^
scripts/amplai_docs.py:3699: in docs_referencing
    for item in extract_typed_references(text)
                ^^^^^^^^^^^^^^^^^^^^^^^^^^^^^^
scripts/amplai_docs.py:3369: in extract_typed_references
    spend(match.start() + len(match.group(1)))
scripts/amplai_docs.py:2858: in spend
    raise DocumentError("SCOPE_INCOMPLETE")
E   amplai_docs.DocumentError: SCOPE_INCOMPLETE
_ test_lean_candidate_mode_preserves_count_with_bounded_memory[scripts/amplai_docs.py-document_reference_tokens-[x](https://example.invalid) ] _
tests/ai/test_document_reference_resources.py:73: in test_lean_candidate_mode_preserves_count_with_bounded_memory
    result = getattr(bounded_engine, operation)(body, retain_context=False)
             ^^^^^^^^^^^^^^^^^^^^^^^^^^^^^^^^^^^^^^^^^^^^^^^^^^^^^^^^^^^^^^
E   TypeError: document_reference_tokens() got an unexpected keyword argument 'retain_context'
_ test_lean_candidate_mode_preserves_count_with_bounded_memory[scripts/amplai_docs.py-extract_typed_references-`guide.md` ] _
tests/ai/test_document_reference_resources.py:73: in test_lean_candidate_mode_preserves_count_with_bounded_memory
    result = getattr(bounded_engine, operation)(body, retain_context=False)
             ^^^^^^^^^^^^^^^^^^^^^^^^^^^^^^^^^^^^^^^^^^^^^^^^^^^^^^^^^^^^^^
E   TypeError: extract_typed_references() got an unexpected keyword argument 'retain_context'
_ test_lean_candidate_mode_preserves_count_with_bounded_memory[tools/amplai-loop-kit/baseline/payload/scripts/amplai_docs.py-document_reference_tokens-[x](https://example.invalid) ] _
tests/ai/test_document_reference_resources.py:73: in test_lean_candidate_mode_preserves_count_with_bounded_memory
    result = getattr(bounded_engine, operation)(body, retain_context=False)
             ^^^^^^^^^^^^^^^^^^^^^^^^^^^^^^^^^^^^^^^^^^^^^^^^^^^^^^^^^^^^^^
E   TypeError: document_reference_tokens() got an unexpected keyword argument 'retain_context'
_ test_lean_candidate_mode_preserves_count_with_bounded_memory[tools/amplai-loop-kit/baseline/payload/scripts/amplai_docs.py-extract_typed_references-`guide.md` ] _
tests/ai/test_document_reference_resources.py:73: in test_lean_candidate_mode_preserves_count_with_bounded_memory
    result = getattr(bounded_engine, operation)(body, retain_context=False)
             ^^^^^^^^^^^^^^^^^^^^^^^^^^^^^^^^^^^^^^^^^^^^^^^^^^^^^^^^^^^^^^
E   TypeError: extract_typed_references() got an unexpected keyword argument 'retain_context'
_ test_lean_candidate_mode_preserves_code_span_exclusion[scripts/amplai_docs.py] _
tests/ai/test_document_reference_resources.py:87: in test_lean_candidate_mode_preserves_code_span_exclusion
    lean = bounded_engine.extract_typed_references(text, retain_context=False)
           ^^^^^^^^^^^^^^^^^^^^^^^^^^^^^^^^^^^^^^^^^^^^^^^^^^^^^^^^^^^^^^^^^^^
E   TypeError: extract_typed_references() got an unexpected keyword argument 'retain_context'
_ test_lean_candidate_mode_preserves_code_span_exclusion[tools/amplai-loop-kit/baseline/payload/scripts/amplai_docs.py] _
tests/ai/test_document_reference_resources.py:87: in test_lean_candidate_mode_preserves_code_span_exclusion
    lean = bounded_engine.extract_typed_references(text, retain_context=False)
           ^^^^^^^^^^^^^^^^^^^^^^^^^^^^^^^^^^^^^^^^^^^^^^^^^^^^^^^^^^^^^^^^^^^
E   TypeError: extract_typed_references() got an unexpected keyword argument 'retain_context'
=========================== short test summary info ============================
FAILED tests/ai/test_document_integration.py::test_back_reference_candidates_do_not_retain_quadratic_declaration_context
FAILED tests/ai/test_document_reference_resources.py::test_lean_candidate_mode_preserves_count_with_bounded_memory[scripts/amplai_docs.py-document_reference_tokens-[x](https://example.invalid) ]
FAILED tests/ai/test_document_reference_resources.py::test_lean_candidate_mode_preserves_count_with_bounded_memory[scripts/amplai_docs.py-extract_typed_references-`guide.md` ]
FAILED tests/ai/test_document_reference_resources.py::test_lean_candidate_mode_preserves_count_with_bounded_memory[tools/amplai-loop-kit/baseline/payload/scripts/amplai_docs.py-document_reference_tokens-[x](https://example.invalid) ]
FAILED tests/ai/test_document_reference_resources.py::test_lean_candidate_mode_preserves_count_with_bounded_memory[tools/amplai-loop-kit/baseline/payload/scripts/amplai_docs.py-extract_typed_references-`guide.md` ]
FAILED tests/ai/test_document_reference_resources.py::test_lean_candidate_mode_preserves_code_span_exclusion[scripts/amplai_docs.py]
FAILED tests/ai/test_document_reference_resources.py::test_lean_candidate_mode_preserves_code_span_exclusion[tools/amplai-loop-kit/baseline/payload/scripts/amplai_docs.py]
7 failed, 40 deselected in 0.28s

## w003S15LegacyGlobRed
F                                                                        [100%]
=================================== FAILURES ===================================
_ test_candidate_discovery_keeps_literal_names_when_legacy_glob_rejects_notation _
tests/ai/test_document_integration.py:77: in test_candidate_discovery_keeps_literal_names_when_legacy_glob_rejects_notation
    found = runtime.amplai_docs.docs_referencing(
scripts/amplai_docs.py:3735: in docs_referencing
    refs = [
scripts/amplai_docs.py:3741: in <listcomp>
    or any(
scripts/amplai_docs.py:3742: in <genexpr>
    path == pattern if literal else path_matches(path, pattern)
                                    ^^^^^^^^^^^^^^^^^^^^^^^^^^^
tests/ai/test_document_integration.py:73: in legacy_match
    raise re.error("bad character range t-o")
E   re.error: bad character range t-o
=========================== short test summary info ============================
FAILED tests/ai/test_document_integration.py::test_candidate_discovery_keeps_literal_names_when_legacy_glob_rejects_notation
1 failed, 30 deselected in 0.17s

## w003S15OpaqueRed
F.FF                                                                     [100%]
=================================== FAILURES ===================================
_____ test_candidate_discovery_retains_local_links_beside_an_opaque_origin _____
tests/ai/test_document_integration.py:89: in test_candidate_discovery_retains_local_links_beside_an_opaque_origin
    found = runtime.amplai_docs.docs_referencing(root, ["src/api.py"])
            ^^^^^^^^^^^^^^^^^^^^^^^^^^^^^^^^^^^^^^^^^^^^^^^^^^^^^^^^^^
scripts/amplai_docs.py:3726: in docs_referencing
    for item in extract_typed_references(text, retain_context=False):
                ^^^^^^^^^^^^^^^^^^^^^^^^^^^^^^^^^^^^^^^^^^^^^^^^^^^^
scripts/amplai_docs.py:3390: in extract_typed_references
    add(
scripts/amplai_docs.py:3311: in add
    reference = local_markdown_target(value, syntax) if kind == "markdown_link" else None
                ^^^^^^^^^^^^^^^^^^^^^^^^^^^^^^^^^^^^
scripts/amplai_docs.py:1754: in local_markdown_target
    raise DocumentError("UNSUPPORTED_PARSER") from None
E   amplai_docs.DocumentError: UNSUPPORTED_PARSER
_ test_lean_opaque_origin_is_external_not_dependency_or_visibility_approval[scripts/amplai_docs.py] _
tests/ai/test_document_reference_resources.py:103: in test_lean_opaque_origin_is_external_not_dependency_or_visibility_approval
    result = bounded_engine.extract_typed_references(text, retain_context=False)
             ^^^^^^^^^^^^^^^^^^^^^^^^^^^^^^^^^^^^^^^^^^^^^^^^^^^^^^^^^^^^^^^^^^^
scripts/amplai_docs.py:3390: in extract_typed_references
    add(
scripts/amplai_docs.py:3311: in add
    reference = local_markdown_target(value, syntax) if kind == "markdown_link" else None
                ^^^^^^^^^^^^^^^^^^^^^^^^^^^^^^^^^^^^
scripts/amplai_docs.py:1754: in local_markdown_target
    raise DocumentError("UNSUPPORTED_PARSER") from None
E   resource_engine.DocumentError: UNSUPPORTED_PARSER
_ test_lean_opaque_origin_is_external_not_dependency_or_visibility_approval[tools/amplai-loop-kit/baseline/payload/scripts/amplai_docs.py] _
tests/ai/test_document_reference_resources.py:103: in test_lean_opaque_origin_is_external_not_dependency_or_visibility_approval
    result = bounded_engine.extract_typed_references(text, retain_context=False)
             ^^^^^^^^^^^^^^^^^^^^^^^^^^^^^^^^^^^^^^^^^^^^^^^^^^^^^^^^^^^^^^^^^^^
tools/amplai-loop-kit/baseline/payload/scripts/amplai_docs.py:3390: in extract_typed_references
    add(
tools/amplai-loop-kit/baseline/payload/scripts/amplai_docs.py:3311: in add
    reference = local_markdown_target(value, syntax) if kind == "markdown_link" else None
                ^^^^^^^^^^^^^^^^^^^^^^^^^^^^^^^^^^^^
tools/amplai-loop-kit/baseline/payload/scripts/amplai_docs.py:1754: in local_markdown_target
    raise DocumentError("UNSUPPORTED_PARSER") from None
E   resource_engine.DocumentError: UNSUPPORTED_PARSER
=========================== short test summary info ============================
FAILED tests/ai/test_document_integration.py::test_candidate_discovery_retains_local_links_beside_an_opaque_origin
FAILED tests/ai/test_document_reference_resources.py::test_lean_opaque_origin_is_external_not_dependency_or_visibility_approval[scripts/amplai_docs.py]
FAILED tests/ai/test_document_reference_resources.py::test_lean_opaque_origin_is_external_not_dependency_or_visibility_approval[tools/amplai-loop-kit/baseline/payload/scripts/amplai_docs.py]
3 failed, 1 passed, 48 deselected in 0.50s
