Second fixture attempt: adding Git before a standalone review helper changed candidate membership when the helper created its evidence. Keep standalone snapshot/freshness proof first; initialize disposable Git only before the distinct impact-discovery assertion. No product or expectation weakened.
FFFFFFFFFFFFFF             [100%]
=================================== FAILURES ===================================
_ test_nonphysical_separator_cannot_hide_dependency_drift[scripts/amplai_docs.py-\x0b] _
tests/ai/test_document_reference_resources.py:135: in test_nonphysical_separator_cannot_hide_dependency_drift
    assert before["freshness"] == "verified"
E   AssertionError: assert 'stale' == 'verified'
E     
E     - verified
E     + stale
_ test_nonphysical_separator_cannot_hide_dependency_drift[scripts/amplai_docs.py-\x0c] _
tests/ai/test_document_reference_resources.py:135: in test_nonphysical_separator_cannot_hide_dependency_drift
    assert before["freshness"] == "verified"
E   AssertionError: assert 'stale' == 'verified'
E     
E     - verified
E     + stale
_ test_nonphysical_separator_cannot_hide_dependency_drift[scripts/amplai_docs.py-\x1c] _
tests/ai/test_document_reference_resources.py:135: in test_nonphysical_separator_cannot_hide_dependency_drift
    assert before["freshness"] == "verified"
E   AssertionError: assert 'stale' == 'verified'
E     
E     - verified
E     + stale
_ test_nonphysical_separator_cannot_hide_dependency_drift[scripts/amplai_docs.py-\x1d] _
tests/ai/test_document_reference_resources.py:135: in test_nonphysical_separator_cannot_hide_dependency_drift
    assert before["freshness"] == "verified"
E   AssertionError: assert 'stale' == 'verified'
E     
E     - verified
E     + stale
_ test_nonphysical_separator_cannot_hide_dependency_drift[scripts/amplai_docs.py-\x1e] _
tests/ai/test_document_reference_resources.py:135: in test_nonphysical_separator_cannot_hide_dependency_drift
    assert before["freshness"] == "verified"
E   AssertionError: assert 'stale' == 'verified'
E     
E     - verified
E     + stale
_ test_nonphysical_separator_cannot_hide_dependency_drift[scripts/amplai_docs.py-\x85] _
tests/ai/test_document_reference_resources.py:135: in test_nonphysical_separator_cannot_hide_dependency_drift
    assert before["freshness"] == "verified"
E   AssertionError: assert 'stale' == 'verified'
E     
E     - verified
E     + stale
_ test_nonphysical_separator_cannot_hide_dependency_drift[scripts/amplai_docs.py-\u2028] _
tests/ai/test_document_reference_resources.py:135: in test_nonphysical_separator_cannot_hide_dependency_drift
    assert before["freshness"] == "verified"
E   AssertionError: assert 'stale' == 'verified'
E     
E     - verified
E     + stale
_ test_nonphysical_separator_cannot_hide_dependency_drift[scripts/amplai_docs.py-\u2029] _
tests/ai/test_document_reference_resources.py:135: in test_nonphysical_separator_cannot_hide_dependency_drift
    assert before["freshness"] == "verified"
E   AssertionError: assert 'stale' == 'verified'
E     
E     - verified
E     + stale
_ test_nonphysical_separator_cannot_hide_dependency_drift[tools/amplai-loop-kit/baseline/payload/scripts/amplai_docs.py-\x0b] _
tests/ai/test_document_reference_resources.py:135: in test_nonphysical_separator_cannot_hide_dependency_drift
    assert before["freshness"] == "verified"
E   AssertionError: assert 'stale' == 'verified'
E     
E     - verified
E     + stale
_ test_nonphysical_separator_cannot_hide_dependency_drift[tools/amplai-loop-kit/baseline/payload/scripts/amplai_docs.py-\x0c] _
tests/ai/test_document_reference_resources.py:135: in test_nonphysical_separator_cannot_hide_dependency_drift
    assert before["freshness"] == "verified"
E   AssertionError: assert 'stale' == 'verified'
E     
E     - verified
E     + stale
_ test_nonphysical_separator_cannot_hide_dependency_drift[tools/amplai-loop-kit/baseline/payload/scripts/amplai_docs.py-\x1c] _
tests/ai/test_document_reference_resources.py:135: in test_nonphysical_separator_cannot_hide_dependency_drift
    assert before["freshness"] == "verified"
E   AssertionError: assert 'stale' == 'verified'
E     
E     - verified
E     + stale
_ test_nonphysical_separator_cannot_hide_dependency_drift[tools/amplai-loop-kit/baseline/payload/scripts/amplai_docs.py-\x1d] _
tests/ai/test_document_reference_resources.py:135: in test_nonphysical_separator_cannot_hide_dependency_drift
    assert before["freshness"] == "verified"
E   AssertionError: assert 'stale' == 'verified'
E     
E     - verified
E     + stale
_ test_nonphysical_separator_cannot_hide_dependency_drift[tools/amplai-loop-kit/baseline/payload/scripts/amplai_docs.py-\x1e] _
tests/ai/test_document_reference_resources.py:135: in test_nonphysical_separator_cannot_hide_dependency_drift
    assert before["freshness"] == "verified"
E   AssertionError: assert 'stale' == 'verified'
E     
E     - verified
E     + stale
_ test_nonphysical_separator_cannot_hide_dependency_drift[tools/amplai-loop-kit/baseline/payload/scripts/amplai_docs.py-\x85] _
tests/ai/test_document_reference_resources.py:135: in test_nonphysical_separator_cannot_hide_dependency_drift
    assert before["freshness"] == "verified"
E   AssertionError: assert 'stale' == 'verified'
E     
E     - verified
E     + stale
_ test_nonphysical_separator_cannot_hide_dependency_drift[tools/amplai-loop-kit/baseline/payload/scripts/amplai_docs.py-\u2028] _
tests/ai/test_document_reference_resources.py:135: in test_nonphysical_separator_cannot_hide_dependency_drift
    assert before["freshness"] == "verified"
E   AssertionError: assert 'stale' == 'verified'
E     
E     - verified
E     + stale
_ test_nonphysical_separator_cannot_hide_dependency_drift[tools/amplai-loop-kit/baseline/payload/scripts/amplai_docs.py-\u2029] _
tests/ai/test_document_reference_resources.py:135: in test_nonphysical_separator_cannot_hide_dependency_drift
    assert before["freshness"] == "verified"
E   AssertionError: assert 'stale' == 'verified'
E     
E     - verified
E     + stale
=========================== short test summary info ============================
FAILED tests/ai/test_document_reference_resources.py::test_nonphysical_separator_cannot_hide_dependency_drift[scripts/amplai_docs.py-\x0b]
FAILED tests/ai/test_document_reference_resources.py::test_nonphysical_separator_cannot_hide_dependency_drift[scripts/amplai_docs.py-\x0c]
FAILED tests/ai/test_document_reference_resources.py::test_nonphysical_separator_cannot_hide_dependency_drift[scripts/amplai_docs.py-\x1c]
FAILED tests/ai/test_document_reference_resources.py::test_nonphysical_separator_cannot_hide_dependency_drift[scripts/amplai_docs.py-\x1d]
FAILED tests/ai/test_document_reference_resources.py::test_nonphysical_separator_cannot_hide_dependency_drift[scripts/amplai_docs.py-\x1e]
FAILED tests/ai/test_document_reference_resources.py::test_nonphysical_separator_cannot_hide_dependency_drift[scripts/amplai_docs.py-\x85]
FAILED tests/ai/test_document_reference_resources.py::test_nonphysical_separator_cannot_hide_dependency_drift[scripts/amplai_docs.py-\u2028]
FAILED tests/ai/test_document_reference_resources.py::test_nonphysical_separator_cannot_hide_dependency_drift[scripts/amplai_docs.py-\u2029]
FAILED tests/ai/test_document_reference_resources.py::test_nonphysical_separator_cannot_hide_dependency_drift[tools/amplai-loop-kit/baseline/payload/scripts/amplai_docs.py-\x0b]
FAILED tests/ai/test_document_reference_resources.py::test_nonphysical_separator_cannot_hide_dependency_drift[tools/amplai-loop-kit/baseline/payload/scripts/amplai_docs.py-\x0c]
FAILED tests/ai/test_document_reference_resources.py::test_nonphysical_separator_cannot_hide_dependency_drift[tools/amplai-loop-kit/baseline/payload/scripts/amplai_docs.py-\x1c]
FAILED tests/ai/test_document_reference_resources.py::test_nonphysical_separator_cannot_hide_dependency_drift[tools/amplai-loop-kit/baseline/payload/scripts/amplai_docs.py-\x1d]
FAILED tests/ai/test_document_reference_resources.py::test_nonphysical_separator_cannot_hide_dependency_drift[tools/amplai-loop-kit/baseline/payload/scripts/amplai_docs.py-\x1e]
FAILED tests/ai/test_document_reference_resources.py::test_nonphysical_separator_cannot_hide_dependency_drift[tools/amplai-loop-kit/baseline/payload/scripts/amplai_docs.py-\x85]
FAILED tests/ai/test_document_reference_resources.py::test_nonphysical_separator_cannot_hide_dependency_drift[tools/amplai-loop-kit/baseline/payload/scripts/amplai_docs.py-\u2028]
FAILED tests/ai/test_document_reference_resources.py::test_nonphysical_separator_cannot_hide_dependency_drift[tools/amplai-loop-kit/baseline/payload/scripts/amplai_docs.py-\u2029]
16 failed, 44 passed, 19 deselected in 3.29s
{
  "baseline_stale": [],
  "checksum_mismatched": [],
  "checksum_missing_file": [],
  "hint": null,
  "manifest_stale": [],
  "not_in_checksums": [],
  "ok": true
}
