FFFF                                                                     [100%]
=================================== FAILURES ===================================
_ test_dependency_walk_is_bounded_before_visibility[scripts/amplai_docs.py-snapshot] _
tests/ai/test_document_typed_visibility.py:246: in test_dependency_walk_is_bounded_before_visibility
    typed_engine.declared_reference_snapshot(tree, "docs/guide.md", body, config)
scripts/amplai_docs.py:2509: in declared_reference_snapshot
    for expanded in expand_repo_target(
scripts/amplai_docs.py:3276: in expand_repo_target
    visit(os.path.realpath(root), parts, {os.path.realpath(root)})
scripts/amplai_docs.py:3252: in visit
    visit(os.path.join(directory, part), remaining[1:], ancestors)
scripts/amplai_docs.py:3255: in visit
    entries = reference_directory_entries(directory, spend)
              ^^^^^^^^^^^^^^^^^^^^^^^^^^^^^^^^^^^^^^^^^^^^^
tests/ai/test_document_typed_visibility.py:237: in guarded
    assert spend is not None, "dependency walk must be bounded before visibility runs"
E   AssertionError: dependency walk must be bounded before visibility runs
E   assert None is not None
_ test_dependency_walk_is_bounded_before_visibility[scripts/amplai_docs.py-read] _
tests/ai/test_document_typed_visibility.py:248: in test_dependency_walk_is_bounded_before_visibility
    typed_engine.read_document(root, "docs/guide.md")
scripts/amplai_docs.py:1640: in read_document
    return _document(
scripts/amplai_docs.py:1584: in _document
    declared = declared_reference_snapshot(tree, path, body, config)
               ^^^^^^^^^^^^^^^^^^^^^^^^^^^^^^^^^^^^^^^^^^^^^^^^^^^^^
scripts/amplai_docs.py:2509: in declared_reference_snapshot
    for expanded in expand_repo_target(
scripts/amplai_docs.py:3276: in expand_repo_target
    visit(os.path.realpath(root), parts, {os.path.realpath(root)})
scripts/amplai_docs.py:3252: in visit
    visit(os.path.join(directory, part), remaining[1:], ancestors)
scripts/amplai_docs.py:3255: in visit
    entries = reference_directory_entries(directory, spend)
              ^^^^^^^^^^^^^^^^^^^^^^^^^^^^^^^^^^^^^^^^^^^^^
tests/ai/test_document_typed_visibility.py:237: in guarded
    assert spend is not None, "dependency walk must be bounded before visibility runs"
E   AssertionError: dependency walk must be bounded before visibility runs
E   assert None is not None
_ test_dependency_walk_is_bounded_before_visibility[tools/amplai-loop-kit/baseline/payload/scripts/amplai_docs.py-snapshot] _
tests/ai/test_document_typed_visibility.py:246: in test_dependency_walk_is_bounded_before_visibility
    typed_engine.declared_reference_snapshot(tree, "docs/guide.md", body, config)
tools/amplai-loop-kit/baseline/payload/scripts/amplai_docs.py:2509: in declared_reference_snapshot
    for expanded in expand_repo_target(
tools/amplai-loop-kit/baseline/payload/scripts/amplai_docs.py:3276: in expand_repo_target
    visit(os.path.realpath(root), parts, {os.path.realpath(root)})
tools/amplai-loop-kit/baseline/payload/scripts/amplai_docs.py:3252: in visit
    visit(os.path.join(directory, part), remaining[1:], ancestors)
tools/amplai-loop-kit/baseline/payload/scripts/amplai_docs.py:3255: in visit
    entries = reference_directory_entries(directory, spend)
              ^^^^^^^^^^^^^^^^^^^^^^^^^^^^^^^^^^^^^^^^^^^^^
tests/ai/test_document_typed_visibility.py:237: in guarded
    assert spend is not None, "dependency walk must be bounded before visibility runs"
E   AssertionError: dependency walk must be bounded before visibility runs
E   assert None is not None
_ test_dependency_walk_is_bounded_before_visibility[tools/amplai-loop-kit/baseline/payload/scripts/amplai_docs.py-read] _
tests/ai/test_document_typed_visibility.py:248: in test_dependency_walk_is_bounded_before_visibility
    typed_engine.read_document(root, "docs/guide.md")
tools/amplai-loop-kit/baseline/payload/scripts/amplai_docs.py:1640: in read_document
    return _document(
tools/amplai-loop-kit/baseline/payload/scripts/amplai_docs.py:1584: in _document
    declared = declared_reference_snapshot(tree, path, body, config)
               ^^^^^^^^^^^^^^^^^^^^^^^^^^^^^^^^^^^^^^^^^^^^^^^^^^^^^
tools/amplai-loop-kit/baseline/payload/scripts/amplai_docs.py:2509: in declared_reference_snapshot
    for expanded in expand_repo_target(
tools/amplai-loop-kit/baseline/payload/scripts/amplai_docs.py:3276: in expand_repo_target
    visit(os.path.realpath(root), parts, {os.path.realpath(root)})
tools/amplai-loop-kit/baseline/payload/scripts/amplai_docs.py:3252: in visit
    visit(os.path.join(directory, part), remaining[1:], ancestors)
tools/amplai-loop-kit/baseline/payload/scripts/amplai_docs.py:3255: in visit
    entries = reference_directory_entries(directory, spend)
              ^^^^^^^^^^^^^^^^^^^^^^^^^^^^^^^^^^^^^^^^^^^^^
tests/ai/test_document_typed_visibility.py:237: in guarded
    assert spend is not None, "dependency walk must be bounded before visibility runs"
E   AssertionError: dependency walk must be bounded before visibility runs
E   assert None is not None
=========================== short test summary info ============================
FAILED tests/ai/test_document_typed_visibility.py::test_dependency_walk_is_bounded_before_visibility[scripts/amplai_docs.py-snapshot]
FAILED tests/ai/test_document_typed_visibility.py::test_dependency_walk_is_bounded_before_visibility[scripts/amplai_docs.py-read]
FAILED tests/ai/test_document_typed_visibility.py::test_dependency_walk_is_bounded_before_visibility[tools/amplai-loop-kit/baseline/payload/scripts/amplai_docs.py-snapshot]
FAILED tests/ai/test_document_typed_visibility.py::test_dependency_walk_is_bounded_before_visibility[tools/amplai-loop-kit/baseline/payload/scripts/amplai_docs.py-read]
