FFF...FFF...FF..FF..FF..FF....FF..FFFFFFFF..FF..FF..                     [100%]
=================================== FAILURES ===================================
_ test_typed_security_precedes_all_consumers_and_history[scripts/amplai_docs.py-RESTRICTED-inline] _
tests/ai/test_document_typed_visibility.py:95: in test_typed_security_precedes_all_consumers_and_history
    assert_denied(typed_engine, call)
tests/ai/test_document_typed_visibility.py:56: in assert_denied
    with pytest.raises(engine.DocumentError) as caught:
E   Failed: DID NOT RAISE <class 'typed_visibility_engine.DocumentError'>
_ test_typed_security_precedes_all_consumers_and_history[scripts/amplai_docs.py-RESTRICTED-tree] _
tests/ai/test_document_typed_visibility.py:95: in test_typed_security_precedes_all_consumers_and_history
    assert_denied(typed_engine, call)
tests/ai/test_document_typed_visibility.py:56: in assert_denied
    with pytest.raises(engine.DocumentError) as caught:
E   Failed: DID NOT RAISE <class 'typed_visibility_engine.DocumentError'>
_ test_typed_security_precedes_all_consumers_and_history[scripts/amplai_docs.py-RESTRICTED-title] _
tests/ai/test_document_typed_visibility.py:95: in test_typed_security_precedes_all_consumers_and_history
    assert_denied(typed_engine, call)
tests/ai/test_document_typed_visibility.py:56: in assert_denied
    with pytest.raises(engine.DocumentError) as caught:
E   Failed: DID NOT RAISE <class 'typed_visibility_engine.DocumentError'>
_ test_typed_security_precedes_all_consumers_and_history[tools/amplai-loop-kit/baseline/payload/scripts/amplai_docs.py-RESTRICTED-inline] _
tests/ai/test_document_typed_visibility.py:95: in test_typed_security_precedes_all_consumers_and_history
    assert_denied(typed_engine, call)
tests/ai/test_document_typed_visibility.py:56: in assert_denied
    with pytest.raises(engine.DocumentError) as caught:
E   Failed: DID NOT RAISE <class 'typed_visibility_engine.DocumentError'>
_ test_typed_security_precedes_all_consumers_and_history[tools/amplai-loop-kit/baseline/payload/scripts/amplai_docs.py-RESTRICTED-tree] _
tests/ai/test_document_typed_visibility.py:95: in test_typed_security_precedes_all_consumers_and_history
    assert_denied(typed_engine, call)
tests/ai/test_document_typed_visibility.py:56: in assert_denied
    with pytest.raises(engine.DocumentError) as caught:
E   Failed: DID NOT RAISE <class 'typed_visibility_engine.DocumentError'>
_ test_typed_security_precedes_all_consumers_and_history[tools/amplai-loop-kit/baseline/payload/scripts/amplai_docs.py-RESTRICTED-title] _
tests/ai/test_document_typed_visibility.py:95: in test_typed_security_precedes_all_consumers_and_history
    assert_denied(typed_engine, call)
tests/ai/test_document_typed_visibility.py:56: in assert_denied
    with pytest.raises(engine.DocumentError) as caught:
E   Failed: DID NOT RAISE <class 'typed_visibility_engine.DocumentError'>
_ test_directory_and_glob_check_every_classified_member[scripts/amplai_docs.py-RESTRICTED-assets/] _
tests/ai/test_document_typed_visibility.py:122: in test_directory_and_glob_check_every_classified_member
    assert_denied(typed_engine, lambda: select(typed_engine, root, history=True))
tests/ai/test_document_typed_visibility.py:56: in assert_denied
    with pytest.raises(engine.DocumentError) as caught:
E   Failed: DID NOT RAISE <class 'typed_visibility_engine.DocumentError'>
_ test_directory_and_glob_check_every_classified_member[scripts/amplai_docs.py-RESTRICTED-assets/*.bin] _
tests/ai/test_document_typed_visibility.py:122: in test_directory_and_glob_check_every_classified_member
    assert_denied(typed_engine, lambda: select(typed_engine, root, history=True))
tests/ai/test_document_typed_visibility.py:56: in assert_denied
    with pytest.raises(engine.DocumentError) as caught:
E   Failed: DID NOT RAISE <class 'typed_visibility_engine.DocumentError'>
_ test_directory_and_glob_check_every_classified_member[tools/amplai-loop-kit/baseline/payload/scripts/amplai_docs.py-RESTRICTED-assets/] _
tests/ai/test_document_typed_visibility.py:122: in test_directory_and_glob_check_every_classified_member
    assert_denied(typed_engine, lambda: select(typed_engine, root, history=True))
tests/ai/test_document_typed_visibility.py:56: in assert_denied
    with pytest.raises(engine.DocumentError) as caught:
E   Failed: DID NOT RAISE <class 'typed_visibility_engine.DocumentError'>
_ test_directory_and_glob_check_every_classified_member[tools/amplai-loop-kit/baseline/payload/scripts/amplai_docs.py-RESTRICTED-assets/*.bin] _
tests/ai/test_document_typed_visibility.py:122: in test_directory_and_glob_check_every_classified_member
    assert_denied(typed_engine, lambda: select(typed_engine, root, history=True))
tests/ai/test_document_typed_visibility.py:56: in assert_denied
    with pytest.raises(engine.DocumentError) as caught:
E   Failed: DID NOT RAISE <class 'typed_visibility_engine.DocumentError'>
_ test_logical_alias_cannot_weaken_canonical_target[scripts/amplai_docs.py-PUBLIC-RESTRICTED] _
tests/ai/test_document_typed_visibility.py:155: in test_logical_alias_cannot_weaken_canonical_target
    assert_denied(typed_engine, lambda: select(typed_engine, root, history=True))
tests/ai/test_document_typed_visibility.py:56: in assert_denied
    with pytest.raises(engine.DocumentError) as caught:
E   Failed: DID NOT RAISE <class 'typed_visibility_engine.DocumentError'>
_ test_logical_alias_cannot_weaken_canonical_target[scripts/amplai_docs.py-RESTRICTED-PUBLIC] _
tests/ai/test_document_typed_visibility.py:155: in test_logical_alias_cannot_weaken_canonical_target
    assert_denied(typed_engine, lambda: select(typed_engine, root, history=True))
tests/ai/test_document_typed_visibility.py:56: in assert_denied
    with pytest.raises(engine.DocumentError) as caught:
E   Failed: DID NOT RAISE <class 'typed_visibility_engine.DocumentError'>
_ test_logical_alias_cannot_weaken_canonical_target[tools/amplai-loop-kit/baseline/payload/scripts/amplai_docs.py-PUBLIC-RESTRICTED] _
tests/ai/test_document_typed_visibility.py:155: in test_logical_alias_cannot_weaken_canonical_target
    assert_denied(typed_engine, lambda: select(typed_engine, root, history=True))
tests/ai/test_document_typed_visibility.py:56: in assert_denied
    with pytest.raises(engine.DocumentError) as caught:
E   Failed: DID NOT RAISE <class 'typed_visibility_engine.DocumentError'>
_ test_logical_alias_cannot_weaken_canonical_target[tools/amplai-loop-kit/baseline/payload/scripts/amplai_docs.py-RESTRICTED-PUBLIC] _
tests/ai/test_document_typed_visibility.py:155: in test_logical_alias_cannot_weaken_canonical_target
    assert_denied(typed_engine, lambda: select(typed_engine, root, history=True))
tests/ai/test_document_typed_visibility.py:56: in assert_denied
    with pytest.raises(engine.DocumentError) as caught:
E   Failed: DID NOT RAISE <class 'typed_visibility_engine.DocumentError'>
_ test_optional_hint_is_not_existing_target_security_approval[scripts/amplai_docs.py-True-ignore_patterns] _
tests/ai/test_document_typed_visibility.py:176: in test_optional_hint_is_not_existing_target_security_approval
    assert_denied(typed_engine, lambda: select(typed_engine, root, history=True))
tests/ai/test_document_typed_visibility.py:56: in assert_denied
    with pytest.raises(engine.DocumentError) as caught:
E   Failed: DID NOT RAISE <class 'typed_visibility_engine.DocumentError'>
_ test_optional_hint_is_not_existing_target_security_approval[scripts/amplai_docs.py-True-known_absent] _
tests/ai/test_document_typed_visibility.py:176: in test_optional_hint_is_not_existing_target_security_approval
    assert_denied(typed_engine, lambda: select(typed_engine, root, history=True))
tests/ai/test_document_typed_visibility.py:56: in assert_denied
    with pytest.raises(engine.DocumentError) as caught:
E   Failed: DID NOT RAISE <class 'typed_visibility_engine.DocumentError'>
_ test_optional_hint_is_not_existing_target_security_approval[tools/amplai-loop-kit/baseline/payload/scripts/amplai_docs.py-True-ignore_patterns] _
tests/ai/test_document_typed_visibility.py:176: in test_optional_hint_is_not_existing_target_security_approval
    assert_denied(typed_engine, lambda: select(typed_engine, root, history=True))
tests/ai/test_document_typed_visibility.py:56: in assert_denied
    with pytest.raises(engine.DocumentError) as caught:
E   Failed: DID NOT RAISE <class 'typed_visibility_engine.DocumentError'>
_ test_optional_hint_is_not_existing_target_security_approval[tools/amplai-loop-kit/baseline/payload/scripts/amplai_docs.py-True-known_absent] _
tests/ai/test_document_typed_visibility.py:176: in test_optional_hint_is_not_existing_target_security_approval
    assert_denied(typed_engine, lambda: select(typed_engine, root, history=True))
tests/ai/test_document_typed_visibility.py:56: in assert_denied
    with pytest.raises(engine.DocumentError) as caught:
E   Failed: DID NOT RAISE <class 'typed_visibility_engine.DocumentError'>
_ test_unknown_existing_typed_input_is_not_default_public[scripts/amplai_docs.py] _
tests/ai/test_document_typed_visibility.py:189: in test_unknown_existing_typed_input_is_not_default_public
    assert_denied(typed_engine, lambda: select(typed_engine, root, history=True))
tests/ai/test_document_typed_visibility.py:56: in assert_denied
    with pytest.raises(engine.DocumentError) as caught:
E   Failed: DID NOT RAISE <class 'typed_visibility_engine.DocumentError'>
_ test_unknown_existing_typed_input_is_not_default_public[tools/amplai-loop-kit/baseline/payload/scripts/amplai_docs.py] _
tests/ai/test_document_typed_visibility.py:189: in test_unknown_existing_typed_input_is_not_default_public
    assert_denied(typed_engine, lambda: select(typed_engine, root, history=True))
tests/ai/test_document_typed_visibility.py:56: in assert_denied
    with pytest.raises(engine.DocumentError) as caught:
E   Failed: DID NOT RAISE <class 'typed_visibility_engine.DocumentError'>
_____ test_typed_visibility_target_walk_is_bounded[scripts/amplai_docs.py] _____
tests/ai/test_document_typed_visibility.py:201: in test_typed_visibility_target_walk_is_bounded
    assert_denied(
tests/ai/test_document_typed_visibility.py:56: in assert_denied
    with pytest.raises(engine.DocumentError) as caught:
E   Failed: DID NOT RAISE <class 'typed_visibility_engine.DocumentError'>
_ test_typed_visibility_target_walk_is_bounded[tools/amplai-loop-kit/baseline/payload/scripts/amplai_docs.py] _
tests/ai/test_document_typed_visibility.py:201: in test_typed_visibility_target_walk_is_bounded
    assert_denied(
tests/ai/test_document_typed_visibility.py:56: in assert_denied
    with pytest.raises(engine.DocumentError) as caught:
E   Failed: DID NOT RAISE <class 'typed_visibility_engine.DocumentError'>
_ test_lower_security_html_rejects_typed_inputs_without_promoting_links[scripts/amplai_docs.py-RESTRICTED-# Guide\nRequires `PRIVATE_CANARY.md`.\n] _
tests/ai/test_document_typed_visibility.py:240: in test_lower_security_html_rejects_typed_inputs_without_promoting_links
    assert_denied(
tests/ai/test_document_typed_visibility.py:56: in assert_denied
    with pytest.raises(engine.DocumentError) as caught:
E   Failed: DID NOT RAISE <class 'typed_visibility_engine.DocumentError'>
_ test_lower_security_html_rejects_typed_inputs_without_promoting_links[scripts/amplai_docs.py-RESTRICTED-# Guide\ndocs/\n\u2514\u2500\u2500 PRIVATE_CANARY.md\n] _
tests/ai/test_document_typed_visibility.py:240: in test_lower_security_html_rejects_typed_inputs_without_promoting_links
    assert_denied(
tests/ai/test_document_typed_visibility.py:56: in assert_denied
    with pytest.raises(engine.DocumentError) as caught:
E   Failed: DID NOT RAISE <class 'typed_visibility_engine.DocumentError'>
_ test_lower_security_html_rejects_typed_inputs_without_promoting_links[tools/amplai-loop-kit/baseline/payload/scripts/amplai_docs.py-RESTRICTED-# Guide\nRequires `PRIVATE_CANARY.md`.\n] _
tests/ai/test_document_typed_visibility.py:240: in test_lower_security_html_rejects_typed_inputs_without_promoting_links
    assert_denied(
tests/ai/test_document_typed_visibility.py:56: in assert_denied
    with pytest.raises(engine.DocumentError) as caught:
E   Failed: DID NOT RAISE <class 'typed_visibility_engine.DocumentError'>
_ test_lower_security_html_rejects_typed_inputs_without_promoting_links[tools/amplai-loop-kit/baseline/payload/scripts/amplai_docs.py-RESTRICTED-# Guide\ndocs/\n\u2514\u2500\u2500 PRIVATE_CANARY.md\n] _
tests/ai/test_document_typed_visibility.py:240: in test_lower_security_html_rejects_typed_inputs_without_promoting_links
    assert_denied(
tests/ai/test_document_typed_visibility.py:56: in assert_denied
    with pytest.raises(engine.DocumentError) as caught:
E   Failed: DID NOT RAISE <class 'typed_visibility_engine.DocumentError'>
_ test_installed_cli_uses_typed_visibility[RESTRICTED-# Guide\nRequires `PRIVATE_CANARY.md`.\n] _
tests/ai/test_document_typed_visibility.py:304: in test_installed_cli_uses_typed_visibility
    assert check.returncode != 0
E   assert 0 != 0
E    +  where 0 = CompletedProcess(args=['/Users/pinesky/workspace/amplai-foundry/.venv/bin/python', '-I', '-S', '-B', '/private/var/fol...ca495991b7852b855",\n  "release_id": "release-2",\n  "schema_version": "1.0",\n  "security": "PUBLIC"\n}\n', stderr='').returncode
_ test_installed_cli_uses_typed_visibility[RESTRICTED-# Guide\ndocs/\n\u2514\u2500\u2500 PRIVATE_CANARY.md\n] _
tests/ai/test_document_typed_visibility.py:304: in test_installed_cli_uses_typed_visibility
    assert check.returncode != 0
E   assert 0 != 0
E    +  where 0 = CompletedProcess(args=['/Users/pinesky/workspace/amplai-foundry/.venv/bin/python', '-I', '-S', '-B', '/private/var/fol...ca495991b7852b855",\n  "release_id": "release-2",\n  "schema_version": "1.0",\n  "security": "PUBLIC"\n}\n', stderr='').returncode
=========================== short test summary info ============================
FAILED tests/ai/test_document_typed_visibility.py::test_typed_security_precedes_all_consumers_and_history[scripts/amplai_docs.py-RESTRICTED-inline]
FAILED tests/ai/test_document_typed_visibility.py::test_typed_security_precedes_all_consumers_and_history[scripts/amplai_docs.py-RESTRICTED-tree]
FAILED tests/ai/test_document_typed_visibility.py::test_typed_security_precedes_all_consumers_and_history[scripts/amplai_docs.py-RESTRICTED-title]
FAILED tests/ai/test_document_typed_visibility.py::test_typed_security_precedes_all_consumers_and_history[tools/amplai-loop-kit/baseline/payload/scripts/amplai_docs.py-RESTRICTED-inline]
FAILED tests/ai/test_document_typed_visibility.py::test_typed_security_precedes_all_consumers_and_history[tools/amplai-loop-kit/baseline/payload/scripts/amplai_docs.py-RESTRICTED-tree]
FAILED tests/ai/test_document_typed_visibility.py::test_typed_security_precedes_all_consumers_and_history[tools/amplai-loop-kit/baseline/payload/scripts/amplai_docs.py-RESTRICTED-title]
FAILED tests/ai/test_document_typed_visibility.py::test_directory_and_glob_check_every_classified_member[scripts/amplai_docs.py-RESTRICTED-assets/]
FAILED tests/ai/test_document_typed_visibility.py::test_directory_and_glob_check_every_classified_member[scripts/amplai_docs.py-RESTRICTED-assets/*.bin]
FAILED tests/ai/test_document_typed_visibility.py::test_directory_and_glob_check_every_classified_member[tools/amplai-loop-kit/baseline/payload/scripts/amplai_docs.py-RESTRICTED-assets/]
FAILED tests/ai/test_document_typed_visibility.py::test_directory_and_glob_check_every_classified_member[tools/amplai-loop-kit/baseline/payload/scripts/amplai_docs.py-RESTRICTED-assets/*.bin]
FAILED tests/ai/test_document_typed_visibility.py::test_logical_alias_cannot_weaken_canonical_target[scripts/amplai_docs.py-PUBLIC-RESTRICTED]
FAILED tests/ai/test_document_typed_visibility.py::test_logical_alias_cannot_weaken_canonical_target[scripts/amplai_docs.py-RESTRICTED-PUBLIC]
FAILED tests/ai/test_document_typed_visibility.py::test_logical_alias_cannot_weaken_canonical_target[tools/amplai-loop-kit/baseline/payload/scripts/amplai_docs.py-PUBLIC-RESTRICTED]
FAILED tests/ai/test_document_typed_visibility.py::test_logical_alias_cannot_weaken_canonical_target[tools/amplai-loop-kit/baseline/payload/scripts/amplai_docs.py-RESTRICTED-PUBLIC]
FAILED tests/ai/test_document_typed_visibility.py::test_optional_hint_is_not_existing_target_security_approval[scripts/amplai_docs.py-True-ignore_patterns]
FAILED tests/ai/test_document_typed_visibility.py::test_optional_hint_is_not_existing_target_security_approval[scripts/amplai_docs.py-True-known_absent]
FAILED tests/ai/test_document_typed_visibility.py::test_optional_hint_is_not_existing_target_security_approval[tools/amplai-loop-kit/baseline/payload/scripts/amplai_docs.py-True-ignore_patterns]
FAILED tests/ai/test_document_typed_visibility.py::test_optional_hint_is_not_existing_target_security_approval[tools/amplai-loop-kit/baseline/payload/scripts/amplai_docs.py-True-known_absent]
FAILED tests/ai/test_document_typed_visibility.py::test_unknown_existing_typed_input_is_not_default_public[scripts/amplai_docs.py]
FAILED tests/ai/test_document_typed_visibility.py::test_unknown_existing_typed_input_is_not_default_public[tools/amplai-loop-kit/baseline/payload/scripts/amplai_docs.py]
FAILED tests/ai/test_document_typed_visibility.py::test_typed_visibility_target_walk_is_bounded[scripts/amplai_docs.py]
FAILED tests/ai/test_document_typed_visibility.py::test_typed_visibility_target_walk_is_bounded[tools/amplai-loop-kit/baseline/payload/scripts/amplai_docs.py]
FAILED tests/ai/test_document_typed_visibility.py::test_lower_security_html_rejects_typed_inputs_without_promoting_links[scripts/amplai_docs.py-RESTRICTED-# Guide\nRequires `PRIVATE_CANARY.md`.\n]
FAILED tests/ai/test_document_typed_visibility.py::test_lower_security_html_rejects_typed_inputs_without_promoting_links[scripts/amplai_docs.py-RESTRICTED-# Guide\ndocs/\n\u2514\u2500\u2500 PRIVATE_CANARY.md\n]
FAILED tests/ai/test_document_typed_visibility.py::test_lower_security_html_rejects_typed_inputs_without_promoting_links[tools/amplai-loop-kit/baseline/payload/scripts/amplai_docs.py-RESTRICTED-# Guide\nRequires `PRIVATE_CANARY.md`.\n]
FAILED tests/ai/test_document_typed_visibility.py::test_lower_security_html_rejects_typed_inputs_without_promoting_links[tools/amplai-loop-kit/baseline/payload/scripts/amplai_docs.py-RESTRICTED-# Guide\ndocs/\n\u2514\u2500\u2500 PRIVATE_CANARY.md\n]
FAILED tests/ai/test_document_typed_visibility.py::test_installed_cli_uses_typed_visibility[RESTRICTED-# Guide\nRequires `PRIVATE_CANARY.md`.\n]
FAILED tests/ai/test_document_typed_visibility.py::test_installed_cli_uses_typed_visibility[RESTRICTED-# Guide\ndocs/\n\u2514\u2500\u2500 PRIVATE_CANARY.md\n]
