FFFFFF.FFF......                                                         [100%]
=================================== FAILURES ===================================
_ test_s18_borrowed_repeated_install_and_uninstall_keep_bytes_and_mode[scripts/amplai_docs.py-False] _
tests/ai/test_portable_baseline.py:806: in test_s18_borrowed_repeated_install_and_uninstall_keep_bytes_and_mode
    assert path.stat().st_mode & 0o777 == 0o600
E   AssertionError: assert (33188 & 511) == 384
E    +  where 33188 = os.stat_result(st_mode=33188, st_ino=122982091, st_dev=16777233, st_nlink=1, st_uid=501, st_gid=20, st_size=203320, st_atime=1789185188, st_mtime=1789185188, st_ctime=1789185188).st_mode
E    +    where os.stat_result(st_mode=33188, st_ino=122982091, st_dev=16777233, st_nlink=1, st_uid=501, st_gid=20, st_size=203320, st_atime=1789185188, st_mtime=1789185188, st_ctime=1789185188) = stat()
E    +      where stat = PosixPath('/private/var/folders/1y/7cgp6w0n4p10n9cqyplr22dw0000gn/T/pytest-of-pinesky/pytest-2908/test_s18_borrowed_repeated_ins0/scripts/amplai_docs.py').stat
_ test_s18_borrowed_repeated_install_and_uninstall_keep_bytes_and_mode[.agents/skills/work/SKILL.md-False] _
tests/ai/test_portable_baseline.py:806: in test_s18_borrowed_repeated_install_and_uninstall_keep_bytes_and_mode
    assert path.stat().st_mode & 0o777 == 0o600
E   AssertionError: assert (33188 & 511) == 384
E    +  where 33188 = os.stat_result(st_mode=33188, st_ino=122982504, st_dev=16777233, st_nlink=1, st_uid=501, st_gid=20, st_size=19380, st_atime=1789185188, st_mtime=1789185188, st_ctime=1789185188).st_mode
E    +    where os.stat_result(st_mode=33188, st_ino=122982504, st_dev=16777233, st_nlink=1, st_uid=501, st_gid=20, st_size=19380, st_atime=1789185188, st_mtime=1789185188, st_ctime=1789185188) = stat()
E    +      where stat = PosixPath('/private/var/folders/1y/7cgp6w0n4p10n9cqyplr22dw0000gn/T/pytest-of-pinesky/pytest-2908/test_s18_borrowed_repeated_ins1/.agents/skills/work/SKILL.md').stat
_ test_s18_borrowed_repeated_install_and_uninstall_keep_bytes_and_mode[.agents/skills/work/SKILL.md-True] _
tests/ai/test_portable_baseline.py:806: in test_s18_borrowed_repeated_install_and_uninstall_keep_bytes_and_mode
    assert path.stat().st_mode & 0o777 == 0o600
E   AssertionError: assert (33188 & 511) == 384
E    +  where 33188 = os.stat_result(st_mode=33188, st_ino=122982909, st_dev=16777233, st_nlink=1, st_uid=501, st_gid=20, st_size=19380, st_atime=1789185189, st_mtime=1789185189, st_ctime=1789185189).st_mode
E    +    where os.stat_result(st_mode=33188, st_ino=122982909, st_dev=16777233, st_nlink=1, st_uid=501, st_gid=20, st_size=19380, st_atime=1789185189, st_mtime=1789185189, st_ctime=1789185189) = stat()
E    +      where stat = PosixPath('/private/var/folders/1y/7cgp6w0n4p10n9cqyplr22dw0000gn/T/pytest-of-pinesky/pytest-2908/test_s18_borrowed_repeated_ins2/.agents/skills/work/SKILL.md').stat
_ test_s18_package_mode_update_does_not_adopt_borrowed_permissions[scripts/amplai_docs.py-False] _
tests/ai/test_portable_baseline.py:829: in test_s18_package_mode_update_does_not_adopt_borrowed_permissions
    assert path.stat().st_mode & 0o777 == 0o600
E   AssertionError: assert (33256 & 511) == 384
E    +  where 33256 = os.stat_result(st_mode=33256, st_ino=122983493, st_dev=16777233, st_nlink=1, st_uid=501, st_gid=20, st_size=203320, st_atime=1789185189, st_mtime=1789185189, st_ctime=1789185189).st_mode
E    +    where os.stat_result(st_mode=33256, st_ino=122983493, st_dev=16777233, st_nlink=1, st_uid=501, st_gid=20, st_size=203320, st_atime=1789185189, st_mtime=1789185189, st_ctime=1789185189) = stat()
E    +      where stat = PosixPath('/private/var/folders/1y/7cgp6w0n4p10n9cqyplr22dw0000gn/T/pytest-of-pinesky/pytest-2908/test_s18_package_mode_update_d0/target/scripts/amplai_docs.py').stat
_ test_s18_package_mode_update_does_not_adopt_borrowed_permissions[.agents/skills/work/SKILL.md-False] _
tests/ai/test_portable_baseline.py:829: in test_s18_package_mode_update_does_not_adopt_borrowed_permissions
    assert path.stat().st_mode & 0o777 == 0o600
E   AssertionError: assert (33256 & 511) == 384
E    +  where 33256 = os.stat_result(st_mode=33256, st_ino=122984085, st_dev=16777233, st_nlink=1, st_uid=501, st_gid=20, st_size=19380, st_atime=1789185189, st_mtime=1789185189, st_ctime=1789185189).st_mode
E    +    where os.stat_result(st_mode=33256, st_ino=122984085, st_dev=16777233, st_nlink=1, st_uid=501, st_gid=20, st_size=19380, st_atime=1789185189, st_mtime=1789185189, st_ctime=1789185189) = stat()
E    +      where stat = PosixPath('/private/var/folders/1y/7cgp6w0n4p10n9cqyplr22dw0000gn/T/pytest-of-pinesky/pytest-2908/test_s18_package_mode_update_d1/target/.agents/skills/work/SKILL.md').stat
_ test_s18_package_mode_update_does_not_adopt_borrowed_permissions[.agents/skills/work/SKILL.md-True] _
tests/ai/test_portable_baseline.py:829: in test_s18_package_mode_update_does_not_adopt_borrowed_permissions
    assert path.stat().st_mode & 0o777 == 0o600
E   AssertionError: assert (33256 & 511) == 384
E    +  where 33256 = os.stat_result(st_mode=33256, st_ino=122984670, st_dev=16777233, st_nlink=1, st_uid=501, st_gid=20, st_size=19380, st_atime=1789185190, st_mtime=1789185190, st_ctime=1789185190).st_mode
E    +    where os.stat_result(st_mode=33256, st_ino=122984670, st_dev=16777233, st_nlink=1, st_uid=501, st_gid=20, st_size=19380, st_atime=1789185190, st_mtime=1789185190, st_ctime=1789185190) = stat()
E    +      where stat = PosixPath('/private/var/folders/1y/7cgp6w0n4p10n9cqyplr22dw0000gn/T/pytest-of-pinesky/pytest-2908/test_s18_package_mode_update_d2/target/.agents/skills/work/SKILL.md').stat
_ test_s18_borrowed_local_mode_drift_conflicts_and_force_keeps_local_mode[scripts/amplai_docs.py-False] _
tests/ai/test_portable_baseline.py:866: in test_s18_borrowed_local_mode_drift_conflicts_and_force_keeps_local_mode
    assert path.stat().st_mode & 0o777 == 0o640
E   AssertionError: assert (33188 & 511) == 416
E    +  where 33188 = os.stat_result(st_mode=33188, st_ino=122985657, st_dev=16777233, st_nlink=1, st_uid=501, st_gid=20, st_size=203320, st_atime=1789185191, st_mtime=1789185191, st_ctime=1789185191).st_mode
E    +    where os.stat_result(st_mode=33188, st_ino=122985657, st_dev=16777233, st_nlink=1, st_uid=501, st_gid=20, st_size=203320, st_atime=1789185191, st_mtime=1789185191, st_ctime=1789185191) = stat()
E    +      where stat = PosixPath('/private/var/folders/1y/7cgp6w0n4p10n9cqyplr22dw0000gn/T/pytest-of-pinesky/pytest-2908/test_s18_borrowed_local_mode_d0/scripts/amplai_docs.py').stat
_ test_s18_borrowed_local_mode_drift_conflicts_and_force_keeps_local_mode[.agents/skills/work/SKILL.md-False] _
tests/ai/test_portable_baseline.py:866: in test_s18_borrowed_local_mode_drift_conflicts_and_force_keeps_local_mode
    assert path.stat().st_mode & 0o777 == 0o640
E   AssertionError: assert (33188 & 511) == 416
E    +  where 33188 = os.stat_result(st_mode=33188, st_ino=122986072, st_dev=16777233, st_nlink=1, st_uid=501, st_gid=20, st_size=19380, st_atime=1789185191, st_mtime=1789185191, st_ctime=1789185191).st_mode
E    +    where os.stat_result(st_mode=33188, st_ino=122986072, st_dev=16777233, st_nlink=1, st_uid=501, st_gid=20, st_size=19380, st_atime=1789185191, st_mtime=1789185191, st_ctime=1789185191) = stat()
E    +      where stat = PosixPath('/private/var/folders/1y/7cgp6w0n4p10n9cqyplr22dw0000gn/T/pytest-of-pinesky/pytest-2908/test_s18_borrowed_local_mode_d1/.agents/skills/work/SKILL.md').stat
_ test_s18_borrowed_local_mode_drift_conflicts_and_force_keeps_local_mode[.agents/skills/work/SKILL.md-True] _
tests/ai/test_portable_baseline.py:866: in test_s18_borrowed_local_mode_drift_conflicts_and_force_keeps_local_mode
    assert path.stat().st_mode & 0o777 == 0o640
E   AssertionError: assert (33188 & 511) == 416
E    +  where 33188 = os.stat_result(st_mode=33188, st_ino=122986477, st_dev=16777233, st_nlink=1, st_uid=501, st_gid=20, st_size=19380, st_atime=1789185192, st_mtime=1789185192, st_ctime=1789185192).st_mode
E    +    where os.stat_result(st_mode=33188, st_ino=122986477, st_dev=16777233, st_nlink=1, st_uid=501, st_gid=20, st_size=19380, st_atime=1789185192, st_mtime=1789185192, st_ctime=1789185192) = stat()
E    +      where stat = PosixPath('/private/var/folders/1y/7cgp6w0n4p10n9cqyplr22dw0000gn/T/pytest-of-pinesky/pytest-2908/test_s18_borrowed_local_mode_d2/.agents/skills/work/SKILL.md').stat
=========================== short test summary info ============================
FAILED tests/ai/test_portable_baseline.py::test_s18_borrowed_repeated_install_and_uninstall_keep_bytes_and_mode[scripts/amplai_docs.py-False]
FAILED tests/ai/test_portable_baseline.py::test_s18_borrowed_repeated_install_and_uninstall_keep_bytes_and_mode[.agents/skills/work/SKILL.md-False]
FAILED tests/ai/test_portable_baseline.py::test_s18_borrowed_repeated_install_and_uninstall_keep_bytes_and_mode[.agents/skills/work/SKILL.md-True]
FAILED tests/ai/test_portable_baseline.py::test_s18_package_mode_update_does_not_adopt_borrowed_permissions[scripts/amplai_docs.py-False]
FAILED tests/ai/test_portable_baseline.py::test_s18_package_mode_update_does_not_adopt_borrowed_permissions[.agents/skills/work/SKILL.md-False]
FAILED tests/ai/test_portable_baseline.py::test_s18_package_mode_update_does_not_adopt_borrowed_permissions[.agents/skills/work/SKILL.md-True]
FAILED tests/ai/test_portable_baseline.py::test_s18_borrowed_local_mode_drift_conflicts_and_force_keeps_local_mode[scripts/amplai_docs.py-False]
FAILED tests/ai/test_portable_baseline.py::test_s18_borrowed_local_mode_drift_conflicts_and_force_keeps_local_mode[.agents/skills/work/SKILL.md-False]
FAILED tests/ai/test_portable_baseline.py::test_s18_borrowed_local_mode_drift_conflicts_and_force_keeps_local_mode[.agents/skills/work/SKILL.md-True]
