..FFFF..FFFF                                                             [100%]
=================================== FAILURES ===================================
_ test_s20_unmatched_glob_literal_fallback_keeps_alias_status[scripts/amplai_docs.py-dangling-leaf] _
tests/ai/test_document_optional_aliases.py:134: in test_s20_unmatched_glob_literal_fallback_keeps_alias_status
    typed.assert_denied(typed_engine, lambda: typed.select(typed_engine, root))
tests/ai/test_document_typed_visibility.py:56: in assert_denied
    with pytest.raises(engine.DocumentError) as caught:
E   Failed: DID NOT RAISE <class 'typed_visibility_engine.DocumentError'>
_ test_s20_unmatched_glob_literal_fallback_keeps_alias_status[scripts/amplai_docs.py-dangling-parent] _
tests/ai/test_document_optional_aliases.py:134: in test_s20_unmatched_glob_literal_fallback_keeps_alias_status
    typed.assert_denied(typed_engine, lambda: typed.select(typed_engine, root))
tests/ai/test_document_typed_visibility.py:56: in assert_denied
    with pytest.raises(engine.DocumentError) as caught:
E   Failed: DID NOT RAISE <class 'typed_visibility_engine.DocumentError'>
_ test_s20_unmatched_glob_literal_fallback_keeps_alias_status[scripts/amplai_docs.py-cyclic-leaf] _
tests/ai/test_document_optional_aliases.py:134: in test_s20_unmatched_glob_literal_fallback_keeps_alias_status
    typed.assert_denied(typed_engine, lambda: typed.select(typed_engine, root))
tests/ai/test_document_typed_visibility.py:56: in assert_denied
    with pytest.raises(engine.DocumentError) as caught:
E   Failed: DID NOT RAISE <class 'typed_visibility_engine.DocumentError'>
_ test_s20_unmatched_glob_literal_fallback_keeps_alias_status[scripts/amplai_docs.py-cyclic-parent] _
tests/ai/test_document_optional_aliases.py:134: in test_s20_unmatched_glob_literal_fallback_keeps_alias_status
    typed.assert_denied(typed_engine, lambda: typed.select(typed_engine, root))
tests/ai/test_document_typed_visibility.py:56: in assert_denied
    with pytest.raises(engine.DocumentError) as caught:
E   Failed: DID NOT RAISE <class 'typed_visibility_engine.DocumentError'>
_ test_s20_unmatched_glob_literal_fallback_keeps_alias_status[tools/amplai-loop-kit/baseline/payload/scripts/amplai_docs.py-dangling-leaf] _
tests/ai/test_document_optional_aliases.py:134: in test_s20_unmatched_glob_literal_fallback_keeps_alias_status
    typed.assert_denied(typed_engine, lambda: typed.select(typed_engine, root))
tests/ai/test_document_typed_visibility.py:56: in assert_denied
    with pytest.raises(engine.DocumentError) as caught:
E   Failed: DID NOT RAISE <class 'typed_visibility_engine.DocumentError'>
_ test_s20_unmatched_glob_literal_fallback_keeps_alias_status[tools/amplai-loop-kit/baseline/payload/scripts/amplai_docs.py-dangling-parent] _
tests/ai/test_document_optional_aliases.py:134: in test_s20_unmatched_glob_literal_fallback_keeps_alias_status
    typed.assert_denied(typed_engine, lambda: typed.select(typed_engine, root))
tests/ai/test_document_typed_visibility.py:56: in assert_denied
    with pytest.raises(engine.DocumentError) as caught:
E   Failed: DID NOT RAISE <class 'typed_visibility_engine.DocumentError'>
_ test_s20_unmatched_glob_literal_fallback_keeps_alias_status[tools/amplai-loop-kit/baseline/payload/scripts/amplai_docs.py-cyclic-leaf] _
tests/ai/test_document_optional_aliases.py:134: in test_s20_unmatched_glob_literal_fallback_keeps_alias_status
    typed.assert_denied(typed_engine, lambda: typed.select(typed_engine, root))
tests/ai/test_document_typed_visibility.py:56: in assert_denied
    with pytest.raises(engine.DocumentError) as caught:
E   Failed: DID NOT RAISE <class 'typed_visibility_engine.DocumentError'>
_ test_s20_unmatched_glob_literal_fallback_keeps_alias_status[tools/amplai-loop-kit/baseline/payload/scripts/amplai_docs.py-cyclic-parent] _
tests/ai/test_document_optional_aliases.py:134: in test_s20_unmatched_glob_literal_fallback_keeps_alias_status
    typed.assert_denied(typed_engine, lambda: typed.select(typed_engine, root))
tests/ai/test_document_typed_visibility.py:56: in assert_denied
    with pytest.raises(engine.DocumentError) as caught:
E   Failed: DID NOT RAISE <class 'typed_visibility_engine.DocumentError'>
=========================== short test summary info ============================
FAILED tests/ai/test_document_optional_aliases.py::test_s20_unmatched_glob_literal_fallback_keeps_alias_status[scripts/amplai_docs.py-dangling-leaf]
FAILED tests/ai/test_document_optional_aliases.py::test_s20_unmatched_glob_literal_fallback_keeps_alias_status[scripts/amplai_docs.py-dangling-parent]
FAILED tests/ai/test_document_optional_aliases.py::test_s20_unmatched_glob_literal_fallback_keeps_alias_status[scripts/amplai_docs.py-cyclic-leaf]
FAILED tests/ai/test_document_optional_aliases.py::test_s20_unmatched_glob_literal_fallback_keeps_alias_status[scripts/amplai_docs.py-cyclic-parent]
FAILED tests/ai/test_document_optional_aliases.py::test_s20_unmatched_glob_literal_fallback_keeps_alias_status[tools/amplai-loop-kit/baseline/payload/scripts/amplai_docs.py-dangling-leaf]
FAILED tests/ai/test_document_optional_aliases.py::test_s20_unmatched_glob_literal_fallback_keeps_alias_status[tools/amplai-loop-kit/baseline/payload/scripts/amplai_docs.py-dangling-parent]
FAILED tests/ai/test_document_optional_aliases.py::test_s20_unmatched_glob_literal_fallback_keeps_alias_status[tools/amplai-loop-kit/baseline/payload/scripts/amplai_docs.py-cyclic-leaf]
FAILED tests/ai/test_document_optional_aliases.py::test_s20_unmatched_glob_literal_fallback_keeps_alias_status[tools/amplai-loop-kit/baseline/payload/scripts/amplai_docs.py-cyclic-parent]
